running egg_info
creating ../../build/ros_serial_input/ros_serial_input.egg-info
writing ../../build/ros_serial_input/ros_serial_input.egg-info/PKG-INFO
writing dependency_links to ../../build/ros_serial_input/ros_serial_input.egg-info/dependency_links.txt
writing entry points to ../../build/ros_serial_input/ros_serial_input.egg-info/entry_points.txt
writing requirements to ../../build/ros_serial_input/ros_serial_input.egg-info/requires.txt
writing top-level names to ../../build/ros_serial_input/ros_serial_input.egg-info/top_level.txt
writing manifest file '../../build/ros_serial_input/ros_serial_input.egg-info/SOURCES.txt'
reading manifest file '../../build/ros_serial_input/ros_serial_input.egg-info/SOURCES.txt'
writing manifest file '../../build/ros_serial_input/ros_serial_input.egg-info/SOURCES.txt'
running build
running build_py
creating /home/jasper/ros2_serial/build/ros_serial_input/build
creating /home/jasper/ros2_serial/build/ros_serial_input/build/lib
creating /home/jasper/ros2_serial/build/ros_serial_input/build/lib/ros_serial_input
copying ros_serial_input/__init__.py -> /home/jasper/ros2_serial/build/ros_serial_input/build/lib/ros_serial_input
running install
running install_lib
creating /home/jasper/ros2_serial/install/ros_serial_input/lib/python3.10/site-packages/ros_serial_input
copying /home/jasper/ros2_serial/build/ros_serial_input/build/lib/ros_serial_input/__init__.py -> /home/jasper/ros2_serial/install/ros_serial_input/lib/python3.10/site-packages/ros_serial_input
byte-compiling /home/jasper/ros2_serial/install/ros_serial_input/lib/python3.10/site-packages/ros_serial_input/__init__.py to __init__.cpython-310.pyc
running install_data
creating /home/jasper/ros2_serial/install/ros_serial_input/share/ament_index
creating /home/jasper/ros2_serial/install/ros_serial_input/share/ament_index/resource_index
creating /home/jasper/ros2_serial/install/ros_serial_input/share/ament_index/resource_index/packages
copying resource/ros_serial_input -> /home/jasper/ros2_serial/install/ros_serial_input/share/ament_index/resource_index/packages
copying package.xml -> /home/jasper/ros2_serial/install/ros_serial_input/share/ros_serial_input
running install_egg_info
Copying ../../build/ros_serial_input/ros_serial_input.egg-info to /home/jasper/ros2_serial/install/ros_serial_input/lib/python3.10/site-packages/ros_serial_input-0.0.0-py3.10.egg-info
running install_scripts
writing list of installed files to '/home/jasper/ros2_serial/build/ros_serial_input/install.log'
