[0.624s] Invoking command in '/home/jasper/ros2_serial/src/ros_serial_input': PYTHONPATH=/home/jasper/ros2_serial/build/ros_serial_input/prefix_override:/usr/lib/python3/dist-packages/colcon_core/task/python/colcon_distutils_commands:/home/jasper/ros2_serial/install/ros_serial_input/lib/python3.10/site-packages:${PYTHONPATH} /usr/bin/python3 -W ignore:setup.py install is deprecated -W ignore:easy_install command is deprecated setup.py egg_info --egg-base ../../build/ros_serial_input build --build-base /home/jasper/ros2_serial/build/ros_serial_input/build install --record /home/jasper/ros2_serial/build/ros_serial_input/install.log --single-version-externally-managed install_data
[0.802s] running egg_info
[0.802s] creating ../../build/ros_serial_input/ros_serial_input.egg-info
[0.803s] writing ../../build/ros_serial_input/ros_serial_input.egg-info/PKG-INFO
[0.803s] writing dependency_links to ../../build/ros_serial_input/ros_serial_input.egg-info/dependency_links.txt
[0.803s] writing entry points to ../../build/ros_serial_input/ros_serial_input.egg-info/entry_points.txt
[0.803s] writing requirements to ../../build/ros_serial_input/ros_serial_input.egg-info/requires.txt
[0.803s] writing top-level names to ../../build/ros_serial_input/ros_serial_input.egg-info/top_level.txt
[0.803s] writing manifest file '../../build/ros_serial_input/ros_serial_input.egg-info/SOURCES.txt'
[0.804s] reading manifest file '../../build/ros_serial_input/ros_serial_input.egg-info/SOURCES.txt'
[0.805s] writing manifest file '../../build/ros_serial_input/ros_serial_input.egg-info/SOURCES.txt'
[0.805s] running build
[0.805s] running build_py
[0.805s] creating /home/jasper/ros2_serial/build/ros_serial_input/build
[0.806s] creating /home/jasper/ros2_serial/build/ros_serial_input/build/lib
[0.806s] creating /home/jasper/ros2_serial/build/ros_serial_input/build/lib/ros_serial_input
[0.807s] copying ros_serial_input/__init__.py -> /home/jasper/ros2_serial/build/ros_serial_input/build/lib/ros_serial_input
[0.807s] running install
[0.808s] running install_lib
[0.808s] creating /home/jasper/ros2_serial/install/ros_serial_input/lib/python3.10/site-packages/ros_serial_input
[0.809s] copying /home/jasper/ros2_serial/build/ros_serial_input/build/lib/ros_serial_input/__init__.py -> /home/jasper/ros2_serial/install/ros_serial_input/lib/python3.10/site-packages/ros_serial_input
[0.809s] byte-compiling /home/jasper/ros2_serial/install/ros_serial_input/lib/python3.10/site-packages/ros_serial_input/__init__.py to __init__.cpython-310.pyc
[0.810s] running install_data
[0.810s] creating /home/jasper/ros2_serial/install/ros_serial_input/share/ament_index
[0.810s] creating /home/jasper/ros2_serial/install/ros_serial_input/share/ament_index/resource_index
[0.811s] creating /home/jasper/ros2_serial/install/ros_serial_input/share/ament_index/resource_index/packages
[0.811s] copying resource/ros_serial_input -> /home/jasper/ros2_serial/install/ros_serial_input/share/ament_index/resource_index/packages
[0.811s] copying package.xml -> /home/jasper/ros2_serial/install/ros_serial_input/share/ros_serial_input
[0.812s] running install_egg_info
[0.813s] Copying ../../build/ros_serial_input/ros_serial_input.egg-info to /home/jasper/ros2_serial/install/ros_serial_input/lib/python3.10/site-packages/ros_serial_input-0.0.0-py3.10.egg-info
[0.814s] running install_scripts
[0.829s] writing list of installed files to '/home/jasper/ros2_serial/build/ros_serial_input/install.log'
[0.848s] Invoked command in '/home/jasper/ros2_serial/src/ros_serial_input' returned '0': PYTHONPATH=/home/jasper/ros2_serial/build/ros_serial_input/prefix_override:/usr/lib/python3/dist-packages/colcon_core/task/python/colcon_distutils_commands:/home/jasper/ros2_serial/install/ros_serial_input/lib/python3.10/site-packages:${PYTHONPATH} /usr/bin/python3 -W ignore:setup.py install is deprecated -W ignore:easy_install command is deprecated setup.py egg_info --egg-base ../../build/ros_serial_input build --build-base /home/jasper/ros2_serial/build/ros_serial_input/build install --record /home/jasper/ros2_serial/build/ros_serial_input/install.log --single-version-externally-managed install_data
